-----------------------------------------------------------------------------------------------------------------------------------
      name:  <unnamed>
       log:  C:\_Cloud\Corona-2019-20\Database\STMF-analysis\Age-excess-LE-study\Paper-East-West\BMJ-GH\GitHub\GitHub-data and scri
> pts\Regression analysis of factors in Stata\Analysis-LEloss-Factors-09-04-2024.log
  log type:  text
 opened on:   9 Apr 2024, 16:58:40

. do "C:\Users\mpidr\AppData\Local\Temp\STDb68_000000.tmp"

. * Test for normality of variables
. * ========================================================================================
. 
. sktest leloss21_m leloss21_f si_21 vac01_09 vac01_12 trustgov trustsci regenforc 

Skewness and kurtosis tests for normality
                                                         ----- Joint test -----
    Variable |       Obs   Pr(skewness)   Pr(kurtosis)   Adj chi2(2)  Prob>chi2
-------------+-----------------------------------------------------------------
  leloss21_m |        26         0.2738         0.0950          4.18     0.1236
  leloss21_f |        26         0.0256         0.4886          5.29     0.0712
       si_21 |        26         0.1756         0.4314          2.71     0.2579
    vac01_09 |        26         0.0287         0.1452          6.33     0.0423
    vac01_12 |        26         0.0108         0.1133          7.78     0.0205
    trustgov |        26         0.0675         0.7245          3.78     0.1512
    trustsci |        26         0.0306         0.2257          5.78     0.0556
   regenforc |        25         0.4301         0.1052          3.61     0.1644

. gen vac01_09x = vac01_09

. sum vac01_09, detail

                          vac01_09
-------------------------------------------------------------
      Percentiles      Smallest
 1%         17.4           17.4
 5%         25.8           25.8
10%         40.2           40.2       Obs                  26
25%         47.2           40.9       Sum of wgt.          26

50%         55.4                      Mean           53.95769
                        Largest       Std. dev.      13.28136
75%         61.9           70.5
90%         70.6           70.6       Variance       176.3945
95%         70.8           70.8       Skewness      -.9694725
99%         73.1           73.1       Kurtosis       3.888107

. replace vac01_09x = 0.5*(r(p1)+r(p5)) if ccode=="BGR"
(1 real change made)

. gen vac01_12x = vac01_12 

. sum vac01_12, detail

                          vac01_12
-------------------------------------------------------------
      Percentiles      Smallest
 1%         28.2           28.2
 5%         43.4           43.4
10%         46.1           46.1       Obs                  26
25%           60           48.5       Sum of wgt.          26

50%           68                      Mean           65.04615
                        Largest       Std. dev.      12.68023
75%         73.4           75.8
90%         77.5           77.5       Variance       160.7882
95%         79.6           79.6       Skewness      -1.166367
99%           83             83       Kurtosis       4.048354

. replace vac01_12x = 0.5*(r(p1)+r(p5)) if ccode=="BGR"
(1 real change made)

. sktest leloss21_m leloss21_f si_21 vac01_09x vac01_12x trustgov trustsci regenforc 

Skewness and kurtosis tests for normality
                                                         ----- Joint test -----
    Variable |       Obs   Pr(skewness)   Pr(kurtosis)   Adj chi2(2)  Prob>chi2
-------------+-----------------------------------------------------------------
  leloss21_m |        26         0.2738         0.0950          4.18     0.1236
  leloss21_f |        26         0.0256         0.4886          5.29     0.0712
       si_21 |        26         0.1756         0.4314          2.71     0.2579
   vac01_09x |        26         0.0573         0.2947          4.73     0.0939
   vac01_12x |        26         0.0420         0.5511          4.57     0.1019
    trustgov |        26         0.0675         0.7245          3.78     0.1512
    trustsci |        26         0.0306         0.2257          5.78     0.0556
   regenforc |        25         0.4301         0.1052          3.61     0.1644

. 
. * Variables: correlations with each other
. * ========================================================================================
. 
. pwcorr leloss21_m vac01_09x vac01_12x si_21 si_w35p trustgov trustsci regenforc, sig

             | leloss~m vac0~09x vac0~12x    si_21  si_w35p trustgov trustsci
-------------+---------------------------------------------------------------
  leloss21_m |   1.0000 
             |
             |
   vac01_09x |  -0.7661   1.0000 
             |   0.0000
             |
   vac01_12x |  -0.7758   0.9074   1.0000 
             |   0.0000   0.0000
             |
       si_21 |  -0.2157   0.3664   0.3247   1.0000 
             |   0.2900   0.0656   0.1055
             |
     si_w35p |   0.2453  -0.1871  -0.0978   0.7096   1.0000 
             |   0.2271   0.3602   0.6347   0.0000
             |
    trustgov |  -0.6640   0.3603   0.4044  -0.0904  -0.3511   1.0000 
             |   0.0002   0.0706   0.0405   0.6605   0.0786
             |
    trustsci |  -0.5503   0.5546   0.4218  -0.0095  -0.5359   0.3499   1.0000 
             |   0.0036   0.0033   0.0319   0.9633   0.0048   0.0798
             |
   regenforc |  -0.6787   0.5422   0.5886  -0.0890  -0.4496   0.7715   0.5441 
             |   0.0002   0.0051   0.0020   0.6722   0.0241   0.0000   0.0049
             |

             | regenf~c
-------------+---------
   regenforc |   1.0000 
             |
             |

. pwcorr leloss21_f vac01_09x vac01_12x si_21 si_w35p trustgov trustsci regenforc, sig

             | leloss~f vac0~09x vac0~12x    si_21  si_w35p trustgov trustsci
-------------+---------------------------------------------------------------
  leloss21_f |   1.0000 
             |
             |
   vac01_09x |  -0.7972   1.0000 
             |   0.0000
             |
   vac01_12x |  -0.8017   0.9074   1.0000 
             |   0.0000   0.0000
             |
       si_21 |  -0.2515   0.3664   0.3247   1.0000 
             |   0.2152   0.0656   0.1055
             |
     si_w35p |   0.2240  -0.1871  -0.0978   0.7096   1.0000 
             |   0.2714   0.3602   0.6347   0.0000
             |
    trustgov |  -0.5903   0.3603   0.4044  -0.0904  -0.3511   1.0000 
             |   0.0015   0.0706   0.0405   0.6605   0.0786
             |
    trustsci |  -0.6528   0.5546   0.4218  -0.0095  -0.5359   0.3499   1.0000 
             |   0.0003   0.0033   0.0319   0.9633   0.0048   0.0798
             |
   regenforc |  -0.6904   0.5422   0.5886  -0.0890  -0.4496   0.7715   0.5441 
             |   0.0001   0.0051   0.0020   0.6722   0.0241   0.0000   0.0049
             |

             | regenf~c
-------------+---------
   regenforc |   1.0000 
             |
             |

. 
. pwcorr leloss21_m vac01_09x trustgov trustsci regenforc, sig 

             | leloss~m vac0~09x trustgov trustsci regenf~c
-------------+---------------------------------------------
  leloss21_m |   1.0000 
             |
             |
   vac01_09x |  -0.7661   1.0000 
             |   0.0000
             |
    trustgov |  -0.6640   0.3603   1.0000 
             |   0.0002   0.0706
             |
    trustsci |  -0.5503   0.5546   0.3499   1.0000 
             |   0.0036   0.0033   0.0798
             |
   regenforc |  -0.6787   0.5422   0.7715   0.5441   1.0000 
             |   0.0002   0.0051   0.0000   0.0049
             |

. pwcorr leloss21_f vac01_09x trustgov trustsci regenforc, sig 

             | leloss~f vac0~09x trustgov trustsci regenf~c
-------------+---------------------------------------------
  leloss21_f |   1.0000 
             |
             |
   vac01_09x |  -0.7972   1.0000 
             |   0.0000
             |
    trustgov |  -0.5903   0.3603   1.0000 
             |   0.0015   0.0706
             |
    trustsci |  -0.6528   0.5546   0.3499   1.0000 
             |   0.0003   0.0033   0.0798
             |
   regenforc |  -0.6904   0.5422   0.7715   0.5441   1.0000 
             |   0.0001   0.0051   0.0000   0.0049
             |

. 
. * Test for normality of residuals
. * ========================================================================================
. regress leloss21_m vac01_09x

      Source |       SS           df       MS      Number of obs   =        26
-------------+----------------------------------   F(1, 24)        =     34.10
       Model |  19.2557803         1  19.2557803   Prob > F        =    0.0000
    Residual |  13.5542074        24   .56475864   R-squared       =    0.5869
-------------+----------------------------------   Adj R-squared   =    0.5697
       Total |  32.8099877        25  1.31239951   Root MSE        =     .7515

------------------------------------------------------------------------------
  leloss21_m | Coefficient  Std. err.      t    P>|t|     [95% conf. interval]
-------------+----------------------------------------------------------------
   vac01_09x |  -.0683669   .0117084    -5.84   0.000    -.0925318    -.044202
       _cons |   5.453423   .6505624     8.38   0.000     4.110729    6.796118
------------------------------------------------------------------------------

. predict res_std, rstandard

. swilk res_std

                   Shapiroâ€“Wilk W test for normal data

    Variable |        Obs       W           V         z       Prob>z
-------------+------------------------------------------------------
     res_std |         26    0.95245      1.360     0.629    0.26453

. drop res_std

. regress leloss21_m vac01_12x

      Source |       SS           df       MS      Number of obs   =        26
-------------+----------------------------------   F(1, 24)        =     36.28
       Model |  19.7479804         1  19.7479804   Prob > F        =    0.0000
    Residual |  13.0620073        24  .544250305   R-squared       =    0.6019
-------------+----------------------------------   Adj R-squared   =    0.5853
       Total |  32.8099877        25  1.31239951   Root MSE        =    .73773

------------------------------------------------------------------------------
  leloss21_m | Coefficient  Std. err.      t    P>|t|     [95% conf. interval]
-------------+----------------------------------------------------------------
   vac01_12x |  -.0749527    .012443    -6.02   0.000    -.1006338   -.0492716
       _cons |   6.650758   .8257804     8.05   0.000     4.946431    8.355085
------------------------------------------------------------------------------

. predict res_std, rstandard

. swilk res_std

                   Shapiroâ€“Wilk W test for normal data

    Variable |        Obs       W           V         z       Prob>z
-------------+------------------------------------------------------
     res_std |         26    0.96843      0.903    -0.210    0.58314

. drop res_std

. regress leloss21_m si_21

      Source |       SS           df       MS      Number of obs   =        26
-------------+----------------------------------   F(1, 24)        =      1.17
       Model |  1.52624166         1  1.52624166   Prob > F        =    0.2900
    Residual |   31.283746        24  1.30348942   R-squared       =    0.0465
-------------+----------------------------------   Adj R-squared   =    0.0068
       Total |  32.8099877        25  1.31239951   Root MSE        =    1.1417

------------------------------------------------------------------------------
  leloss21_m | Coefficient  Std. err.      t    P>|t|     [95% conf. interval]
-------------+----------------------------------------------------------------
       si_21 |  -.0317796   .0293691    -1.08   0.290    -.0923943    .0288352
       _cons |   3.411255   1.548324     2.20   0.037     .2156716    6.606838
------------------------------------------------------------------------------

. predict res_std, rstandard

. swilk res_std

                   Shapiroâ€“Wilk W test for normal data

    Variable |        Obs       W           V         z       Prob>z
-------------+------------------------------------------------------
     res_std |         26    0.94695      1.517     0.854    0.19654

. drop res_std

. regress leloss21_m trustgov

      Source |       SS           df       MS      Number of obs   =        26
-------------+----------------------------------   F(1, 24)        =     18.93
       Model |  14.4657612         1  14.4657612   Prob > F        =    0.0002
    Residual |  18.3442265        24  .764342771   R-squared       =    0.4409
-------------+----------------------------------   Adj R-squared   =    0.4176
       Total |  32.8099877        25  1.31239951   Root MSE        =    .87427

------------------------------------------------------------------------------
  leloss21_m | Coefficient  Std. err.      t    P>|t|     [95% conf. interval]
-------------+----------------------------------------------------------------
    trustgov |  -.0440607    .010128    -4.35   0.000     -.064964   -.0231575
       _cons |   4.301697   .6103294     7.05   0.000     3.042039    5.561355
------------------------------------------------------------------------------

. predict res_std, rstandard

. swilk res_std

                   Shapiroâ€“Wilk W test for normal data

    Variable |        Obs       W           V         z       Prob>z
-------------+------------------------------------------------------
     res_std |         26    0.94259      1.641     1.016    0.15490

. drop res_std

. regress leloss21_m trustsci

      Source |       SS           df       MS      Number of obs   =        26
-------------+----------------------------------   F(1, 24)        =     10.42
       Model |  9.93484437         1  9.93484437   Prob > F        =    0.0036
    Residual |  22.8751433        24  .953130972   R-squared       =    0.3028
-------------+----------------------------------   Adj R-squared   =    0.2737
       Total |  32.8099877        25  1.31239951   Root MSE        =    .97628

------------------------------------------------------------------------------
  leloss21_m | Coefficient  Std. err.      t    P>|t|     [95% conf. interval]
-------------+----------------------------------------------------------------
    trustsci |  -.1261573   .0390758    -3.23   0.004    -.2068058   -.0455087
       _cons |   13.09597   3.518429     3.72   0.001     5.834288    20.35765
------------------------------------------------------------------------------

. predict res_std, rstandard

. swilk res_std

                   Shapiroâ€“Wilk W test for normal data

    Variable |        Obs       W           V         z       Prob>z
-------------+------------------------------------------------------
     res_std |         26    0.96789      0.918    -0.175    0.56953

. drop res_std

. regress leloss21_m regenforc

      Source |       SS           df       MS      Number of obs   =        25
-------------+----------------------------------   F(1, 23)        =     19.65
       Model |  14.5830757         1  14.5830757   Prob > F        =    0.0002
    Residual |  17.0727395        23   .74229302   R-squared       =    0.4607
-------------+----------------------------------   Adj R-squared   =    0.4372
       Total |  31.6558152        24   1.3189923   Root MSE        =    .86156

------------------------------------------------------------------------------
  leloss21_m | Coefficient  Std. err.      t    P>|t|     [95% conf. interval]
-------------+----------------------------------------------------------------
   regenforc |  -5.946343   1.341569    -4.43   0.000     -8.72159   -3.171096
       _cons |   6.017266   .9679218     6.22   0.000     4.014967    8.019565
------------------------------------------------------------------------------

. predict res_std, rstandard
(1 missing value generated)

. swilk res_std

                   Shapiroâ€“Wilk W test for normal data

    Variable |        Obs       W           V         z       Prob>z
-------------+------------------------------------------------------
     res_std |         25    0.93696      1.752     1.146    0.12593

. drop res_std

. 
. regress leloss21_f vac01_09x

      Source |       SS           df       MS      Number of obs   =        26
-------------+----------------------------------   F(1, 24)        =     41.85
       Model |  21.9423591         1  21.9423591   Prob > F        =    0.0000
    Residual |  12.5843513        24  .524347972   R-squared       =    0.6355
-------------+----------------------------------   Adj R-squared   =    0.6203
       Total |  34.5267105        25  1.38106842   Root MSE        =    .72412

------------------------------------------------------------------------------
  leloss21_f | Coefficient  Std. err.      t    P>|t|     [95% conf. interval]
-------------+----------------------------------------------------------------
   vac01_09x |  -.0729805   .0112817    -6.47   0.000    -.0962648   -.0496962
       _cons |   5.366955   .6268553     8.56   0.000      4.07319    6.660721
------------------------------------------------------------------------------

. predict res_std, rstandard

. swilk res_std

                   Shapiroâ€“Wilk W test for normal data

    Variable |        Obs       W           V         z       Prob>z
-------------+------------------------------------------------------
     res_std |         26    0.96199      1.087     0.171    0.43223

. drop res_std

. regress leloss21_f vac01_12x

      Source |       SS           df       MS      Number of obs   =        26
-------------+----------------------------------   F(1, 24)        =     43.17
       Model |  22.1904987         1  22.1904987   Prob > F        =    0.0000
    Residual |  12.3362118        24  .514008825   R-squared       =    0.6427
-------------+----------------------------------   Adj R-squared   =    0.6278
       Total |  34.5267105        25  1.38106842   Root MSE        =    .71694

------------------------------------------------------------------------------
  leloss21_f | Coefficient  Std. err.      t    P>|t|     [95% conf. interval]
-------------+----------------------------------------------------------------
   vac01_12x |  -.0794529   .0120924    -6.57   0.000    -.1044103   -.0544955
       _cons |   6.608637   .8025102     8.23   0.000     4.952337    8.264936
------------------------------------------------------------------------------

. predict res_std, rstandard

. swilk res_std

                   Shapiroâ€“Wilk W test for normal data

    Variable |        Obs       W           V         z       Prob>z
-------------+------------------------------------------------------
     res_std |         26    0.96759      0.927    -0.156    0.56200

. drop res_std

. regress leloss21_f si_21

      Source |       SS           df       MS      Number of obs   =        26
-------------+----------------------------------   F(1, 24)        =      1.62
       Model |  2.18410811         1  2.18410811   Prob > F        =    0.2152
    Residual |  32.3426024        24  1.34760843   R-squared       =    0.0633
-------------+----------------------------------   Adj R-squared   =    0.0242
       Total |  34.5267105        25  1.38106842   Root MSE        =    1.1609

------------------------------------------------------------------------------
  leloss21_f | Coefficient  Std. err.      t    P>|t|     [95% conf. interval]
-------------+----------------------------------------------------------------
       si_21 |  -.0380166    .029862    -1.27   0.215    -.0996486    .0236154
       _cons |   3.400459   1.574309     2.16   0.041     .1512453    6.649672
------------------------------------------------------------------------------

. predict res_std, rstandard

. swilk res_std

                   Shapiroâ€“Wilk W test for normal data

    Variable |        Obs       W           V         z       Prob>z
-------------+------------------------------------------------------
     res_std |         26    0.93352      1.901     1.316    0.09401

. drop res_std

. regress leloss21_f trustgov

      Source |       SS           df       MS      Number of obs   =        26
-------------+----------------------------------   F(1, 24)        =     12.84
       Model |  12.0327825         1  12.0327825   Prob > F        =    0.0015
    Residual |  22.4939279        24  .937246997   R-squared       =    0.3485
-------------+----------------------------------   Adj R-squared   =    0.3214
       Total |  34.5267105        25  1.38106842   Root MSE        =    .96812

------------------------------------------------------------------------------
  leloss21_f | Coefficient  Std. err.      t    P>|t|     [95% conf. interval]
-------------+----------------------------------------------------------------
    trustgov |   -.040185   .0112152    -3.58   0.001    -.0633321   -.0170379
       _cons |   3.741392   .6758452     5.54   0.000     2.346516    5.136268
------------------------------------------------------------------------------

. predict res_std, rstandard

. swilk res_std

                   Shapiroâ€“Wilk W test for normal data

    Variable |        Obs       W           V         z       Prob>z
-------------+------------------------------------------------------
     res_std |         26    0.91479      2.437     1.825    0.03399

. drop res_std

. regress leloss21_f trustsci

      Source |       SS           df       MS      Number of obs   =        26
-------------+----------------------------------   F(1, 24)        =     17.82
       Model |  14.7131877         1  14.7131877   Prob > F        =    0.0003
    Residual |  19.8135227        24  .825563448   R-squared       =    0.4261
-------------+----------------------------------   Adj R-squared   =    0.4022
       Total |  34.5267105        25  1.38106842   Root MSE        =    .90861

------------------------------------------------------------------------------
  leloss21_f | Coefficient  Std. err.      t    P>|t|     [95% conf. interval]
-------------+----------------------------------------------------------------
    trustsci |  -.1535271    .036367    -4.22   0.000    -.2285848   -.0784694
       _cons |   15.22058   3.274521     4.65   0.000     8.462297    21.97886
------------------------------------------------------------------------------

. predict res_std, rstandard

. swilk res_std

                   Shapiroâ€“Wilk W test for normal data

    Variable |        Obs       W           V         z       Prob>z
-------------+------------------------------------------------------
     res_std |         26    0.95858      1.184     0.347    0.36437

. drop res_std

. regress leloss21_f regenforc

      Source |       SS           df       MS      Number of obs   =        25
-------------+----------------------------------   F(1, 23)        =     20.95
       Model |  15.7345168         1  15.7345168   Prob > F        =    0.0001
    Residual |  17.2762982        23  .751143399   R-squared       =    0.4766
-------------+----------------------------------   Adj R-squared   =    0.4539
       Total |  33.0108149        24  1.37545062   Root MSE        =    .86669

------------------------------------------------------------------------------
  leloss21_f | Coefficient  Std. err.      t    P>|t|     [95% conf. interval]
-------------+----------------------------------------------------------------
   regenforc |  -6.176637   1.349543    -4.58   0.000     -8.96838   -3.384894
       _cons |   5.850765    .973675     6.01   0.000     3.836565    7.864966
------------------------------------------------------------------------------

. predict res_std, rstandard
(1 missing value generated)

. swilk res_std

                   Shapiroâ€“Wilk W test for normal data

    Variable |        Obs       W           V         z       Prob>z
-------------+------------------------------------------------------
     res_std |         25    0.93350      1.848     1.255    0.10470

. drop res_std

. 
. * Effects of the East-West group on the explanatory factors
. * ========================================================================================
. 
. encode group, gen(x_group)

. 
. tab x_group, summ( vac01_09x) nofreq nostandard

            | Summary of
            |  vac01_09x
    x_group |        Mean
------------+------------
         EE |   43.181818
         WE |       62.14
------------+------------
      Total |   54.119231

. regress vac01_09 ib2.x_group

      Source |       SS           df       MS      Number of obs   =        26
-------------+----------------------------------   F(1, 24)        =     27.98
       Model |  2373.68741         1  2373.68741   Prob > F        =    0.0000
    Residual |  2036.17608        24  84.8406702   R-squared       =    0.5383
-------------+----------------------------------   Adj R-squared   =    0.5190
       Total |  4409.86349        25   176.39454   Root MSE        =    9.2109

------------------------------------------------------------------------------
    vac01_09 | Coefficient  Std. err.      t    P>|t|     [95% conf. interval]
-------------+----------------------------------------------------------------
     x_group |
         EE  |     -19.34   3.656341    -5.29   0.000    -26.88632   -11.79368
       _cons |      62.14   2.378244    26.13   0.000     57.23155    67.04845
------------------------------------------------------------------------------

. 
. tab x_group, summ( si_21) nofreq nostandard

            | Summary of
            |    si_21
    x_group |        Mean
------------+------------
         EE |        48.1
         WE |   55.146667
------------+------------
      Total |   52.165385

. regress si_21    ib2.x_group

      Source |       SS           df       MS      Number of obs   =        26
-------------+----------------------------------   F(1, 24)        =      6.32
       Model |  315.121499         1  315.121499   Prob > F        =    0.0190
    Residual |   1196.0973        24  49.8373874   R-squared       =    0.2085
-------------+----------------------------------   Adj R-squared   =    0.1755
       Total |   1511.2188        25  60.4487518   Root MSE        =    7.0596

------------------------------------------------------------------------------
       si_21 | Coefficient  Std. err.      t    P>|t|     [95% conf. interval]
-------------+----------------------------------------------------------------
     x_group |
         EE  |  -7.046667    2.80235    -2.51   0.019    -12.83043   -1.262901
       _cons |   55.14667   1.822771    30.25   0.000     51.38465    58.90868
------------------------------------------------------------------------------

. 
. tab x_group, summ( trustgov) nofreq nostandard

            | Summary of
            |  trustgov
    x_group |        Mean
------------+------------
         EE |   46.336363
         WE |   66.266667
------------+------------
      Total |   57.834615

. regress trustgov ib2.x_group

      Source |       SS           df       MS      Number of obs   =        26
-------------+----------------------------------   F(1, 24)        =     12.27
       Model |  2520.80034         1  2520.80034   Prob > F        =    0.0018
    Residual |  4930.59903        24  205.441626   R-squared       =    0.3383
-------------+----------------------------------   Adj R-squared   =    0.3107
       Total |  7451.39937        25  298.055975   Root MSE        =    14.333

------------------------------------------------------------------------------
    trustgov | Coefficient  Std. err.      t    P>|t|     [95% conf. interval]
-------------+----------------------------------------------------------------
     x_group |
         EE  |   -19.9303   5.689694    -3.50   0.002    -31.67326   -8.187353
       _cons |   66.26667   3.700825    17.91   0.000     58.62854     73.9048
------------------------------------------------------------------------------

. 
. tab x_group, summ( trustsci) nofreq nostandard 

            | Summary of
            |  trustsci
    x_group |        Mean
------------+------------
         EE |    87.69091
         WE |   91.533334
------------+------------
      Total |   89.907693

. regress trustsci ib2.x_group

      Source |       SS           df       MS      Number of obs   =        26
-------------+----------------------------------   F(1, 24)        =      4.24
       Model |   93.696035         1   93.696035   Prob > F        =    0.0505
    Residual |  530.522381        24  22.1050992   R-squared       =    0.1501
-------------+----------------------------------   Adj R-squared   =    0.1147
       Total |  624.218416        25  24.9687366   Root MSE        =    4.7016

------------------------------------------------------------------------------
    trustsci | Coefficient  Std. err.      t    P>|t|     [95% conf. interval]
-------------+----------------------------------------------------------------
     x_group |
         EE  |  -3.842424   1.866341    -2.06   0.051    -7.694362    .0095138
       _cons |   91.53333   1.213949    75.40   0.000     89.02787     94.0388
------------------------------------------------------------------------------

. 
. tab x_group, summ( regenforc) nofreq nostandard 

            | Summary of
            |  regenforc
    x_group |        Mean
------------+------------
         EE |   .62645455
         WE |   .77557143
------------+------------
      Total |      .70996

. regress regenforc ib2.x_group

      Source |       SS           df       MS      Number of obs   =        25
-------------+----------------------------------   F(1, 23)        =     11.44
       Model |  .136972809         1  .136972809   Prob > F        =    0.0026
    Residual |  .275456213        23  .011976357   R-squared       =    0.3321
-------------+----------------------------------   Adj R-squared   =    0.3031
       Total |  .412429022        24  .017184543   Root MSE        =    .10944

------------------------------------------------------------------------------
   regenforc | Coefficient  Std. err.      t    P>|t|     [95% conf. interval]
-------------+----------------------------------------------------------------
     x_group |
         EE  |  -.1491169   .0440932    -3.38   0.003    -.2403307   -.0579031
       _cons |   .7755714   .0292481    26.52   0.000      .715067    .8360758
------------------------------------------------------------------------------

. 
. 
. * Associations between LE losses and vaccination including linearity and heterohedasticity
. * ========================================================================================
. 
. regress leloss21_m vac01_09x

      Source |       SS           df       MS      Number of obs   =        26
-------------+----------------------------------   F(1, 24)        =     34.10
       Model |  19.2557803         1  19.2557803   Prob > F        =    0.0000
    Residual |  13.5542074        24   .56475864   R-squared       =    0.5869
-------------+----------------------------------   Adj R-squared   =    0.5697
       Total |  32.8099877        25  1.31239951   Root MSE        =     .7515

------------------------------------------------------------------------------
  leloss21_m | Coefficient  Std. err.      t    P>|t|     [95% conf. interval]
-------------+----------------------------------------------------------------
   vac01_09x |  -.0683669   .0117084    -5.84   0.000    -.0925318    -.044202
       _cons |   5.453423   .6505624     8.38   0.000     4.110729    6.796118
------------------------------------------------------------------------------

. linktest

      Source |       SS           df       MS      Number of obs   =        26
-------------+----------------------------------   F(2, 23)        =     16.61
       Model |  19.3869009         2  9.69345044   Prob > F        =    0.0000
    Residual |  13.4230868        23   .58361247   R-squared       =    0.5909
-------------+----------------------------------   Adj R-squared   =    0.5553
       Total |  32.8099877        25  1.31239951   Root MSE        =    .76395

------------------------------------------------------------------------------
  leloss21_m | Coefficient  Std. err.      t    P>|t|     [95% conf. interval]
-------------+----------------------------------------------------------------
        _hat |   .6954525   .6656809     1.04   0.307    -.6816133    2.072518
      _hatsq |   .0722453   .1524181     0.47   0.640    -.2430555    .3875462
       _cons |   .2583794    .642479     0.40   0.691     -1.07069    1.587448
------------------------------------------------------------------------------

. estat hettest 

Breuschâ€“Pagan/Cookâ€“Weisberg test for heteroskedasticity 
Assumption: Normal error terms
Variable: Fitted values of leloss21_m

H0: Constant variance

    chi2(1) =   0.01
Prob > chi2 = 0.9354

. regress leloss21_m vac01_09x, robust

Linear regression                               Number of obs     =         26
                                                F(1, 24)          =     103.22
                                                Prob > F          =     0.0000
                                                R-squared         =     0.5869
                                                Root MSE          =      .7515

------------------------------------------------------------------------------
             |               Robust
  leloss21_m | Coefficient  std. err.      t    P>|t|     [95% conf. interval]
-------------+----------------------------------------------------------------
   vac01_09x |  -.0683669   .0067293   -10.16   0.000    -.0822555   -.0544782
       _cons |   5.453423   .3981867    13.70   0.000     4.631606     6.27524
------------------------------------------------------------------------------

. 
. regress leloss21_f vac01_09x

      Source |       SS           df       MS      Number of obs   =        26
-------------+----------------------------------   F(1, 24)        =     41.85
       Model |  21.9423591         1  21.9423591   Prob > F        =    0.0000
    Residual |  12.5843513        24  .524347972   R-squared       =    0.6355
-------------+----------------------------------   Adj R-squared   =    0.6203
       Total |  34.5267105        25  1.38106842   Root MSE        =    .72412

------------------------------------------------------------------------------
  leloss21_f | Coefficient  Std. err.      t    P>|t|     [95% conf. interval]
-------------+----------------------------------------------------------------
   vac01_09x |  -.0729805   .0112817    -6.47   0.000    -.0962648   -.0496962
       _cons |   5.366955   .6268553     8.56   0.000      4.07319    6.660721
------------------------------------------------------------------------------

. linktest

      Source |       SS           df       MS      Number of obs   =        26
-------------+----------------------------------   F(2, 23)        =     24.69
       Model |  23.5558302         2  11.7779151   Prob > F        =    0.0000
    Residual |  10.9708803        23  .476994795   R-squared       =    0.6822
-------------+----------------------------------   Adj R-squared   =    0.6546
       Total |  34.5267105        25  1.38106842   Root MSE        =    .69065

------------------------------------------------------------------------------
  leloss21_f | Coefficient  Std. err.      t    P>|t|     [95% conf. interval]
-------------+----------------------------------------------------------------
        _hat |   .2013724   .4585792     0.44   0.665    -.7472708    1.150016
      _hatsq |   .2223989    .120923     1.84   0.079    -.0277494    .4725472
       _cons |    .497464     .36766     1.35   0.189    -.2630986    1.258027
------------------------------------------------------------------------------

. estat hettest 

Breuschâ€“Pagan/Cookâ€“Weisberg test for heteroskedasticity 
Assumption: Normal error terms
Variable: Fitted values of leloss21_f

H0: Constant variance

    chi2(1) =   0.12
Prob > chi2 = 0.7281

. regress leloss21_f vac01_09x, robust

Linear regression                               Number of obs     =         26
                                                F(1, 24)          =      58.21
                                                Prob > F          =     0.0000
                                                R-squared         =     0.6355
                                                Root MSE          =     .72412

------------------------------------------------------------------------------
             |               Robust
  leloss21_f | Coefficient  std. err.      t    P>|t|     [95% conf. interval]
-------------+----------------------------------------------------------------
   vac01_09x |  -.0729805   .0095653    -7.63   0.000    -.0927224   -.0532386
       _cons |   5.366955   .5521512     9.72   0.000     4.227371    6.506539
------------------------------------------------------------------------------

. 
. * Associations between LE losses and stringency including linearity and heteroscedasticity
. * ========================================================================================
. 
. regress leloss21_m si_21

      Source |       SS           df       MS      Number of obs   =        26
-------------+----------------------------------   F(1, 24)        =      1.17
       Model |  1.52624166         1  1.52624166   Prob > F        =    0.2900
    Residual |   31.283746        24  1.30348942   R-squared       =    0.0465
-------------+----------------------------------   Adj R-squared   =    0.0068
       Total |  32.8099877        25  1.31239951   Root MSE        =    1.1417

------------------------------------------------------------------------------
  leloss21_m | Coefficient  Std. err.      t    P>|t|     [95% conf. interval]
-------------+----------------------------------------------------------------
       si_21 |  -.0317796   .0293691    -1.08   0.290    -.0923943    .0288352
       _cons |   3.411255   1.548324     2.20   0.037     .2156716    6.606838
------------------------------------------------------------------------------

. linktest

      Source |       SS           df       MS      Number of obs   =        26
-------------+----------------------------------   F(2, 23)        =      0.67
       Model |  1.81006461         2  .905032306   Prob > F        =    0.5207
    Residual |  30.9999231        23  1.34782274   R-squared       =    0.0552
-------------+----------------------------------   Adj R-squared   =   -0.0270
       Total |  32.8099877        25  1.31239951   Root MSE        =     1.161

------------------------------------------------------------------------------
  leloss21_m | Coefficient  Std. err.      t    P>|t|     [95% conf. interval]
-------------+----------------------------------------------------------------
        _hat |  -3.377537   9.585615    -0.35   0.728    -23.20689    16.45182
      _hatsq |    1.29912   2.831016     0.46   0.651    -4.557283    7.155524
       _cons |   3.605272   8.030703     0.45   0.658     -13.0075    20.21805
------------------------------------------------------------------------------

. estat hettest 

Breuschâ€“Pagan/Cookâ€“Weisberg test for heteroskedasticity 
Assumption: Normal error terms
Variable: Fitted values of leloss21_m

H0: Constant variance

    chi2(1) =   2.26
Prob > chi2 = 0.1324

. regress leloss21_m si_21, robust

Linear regression                               Number of obs     =         26
                                                F(1, 24)          =       1.99
                                                Prob > F          =     0.1708
                                                R-squared         =     0.0465
                                                Root MSE          =     1.1417

------------------------------------------------------------------------------
             |               Robust
  leloss21_m | Coefficient  std. err.      t    P>|t|     [95% conf. interval]
-------------+----------------------------------------------------------------
       si_21 |  -.0317796   .0225051    -1.41   0.171    -.0782278    .0146687
       _cons |   3.411255   1.309451     2.61   0.016     .7086811    6.113829
------------------------------------------------------------------------------

. 
. regress leloss21_f si_21

      Source |       SS           df       MS      Number of obs   =        26
-------------+----------------------------------   F(1, 24)        =      1.62
       Model |  2.18410811         1  2.18410811   Prob > F        =    0.2152
    Residual |  32.3426024        24  1.34760843   R-squared       =    0.0633
-------------+----------------------------------   Adj R-squared   =    0.0242
       Total |  34.5267105        25  1.38106842   Root MSE        =    1.1609

------------------------------------------------------------------------------
  leloss21_f | Coefficient  Std. err.      t    P>|t|     [95% conf. interval]
-------------+----------------------------------------------------------------
       si_21 |  -.0380166    .029862    -1.27   0.215    -.0996486    .0236154
       _cons |   3.400459   1.574309     2.16   0.041     .1512453    6.649672
------------------------------------------------------------------------------

. linktest

      Source |       SS           df       MS      Number of obs   =        26
-------------+----------------------------------   F(2, 23)        =      0.81
       Model |  2.27187474         2  1.13593737   Prob > F        =    0.4571
    Residual |  32.2548357        23  1.40238416   R-squared       =    0.0658
-------------+----------------------------------   Adj R-squared   =   -0.0154
       Total |  34.5267105        25  1.38106842   Root MSE        =    1.1842

------------------------------------------------------------------------------
  leloss21_f | Coefficient  Std. err.      t    P>|t|     [95% conf. interval]
-------------+----------------------------------------------------------------
        _hat |  -.3480687   5.447886    -0.06   0.950    -11.61788    10.92174
      _hatsq |   .5048263   2.017942     0.25   0.805    -3.669605    4.679257
       _cons |   .8541452    3.60569     0.24   0.815    -6.604792    8.313082
------------------------------------------------------------------------------

. estat hettest 

Breuschâ€“Pagan/Cookâ€“Weisberg test for heteroskedasticity 
Assumption: Normal error terms
Variable: Fitted values of leloss21_f

H0: Constant variance

    chi2(1) =   2.59
Prob > chi2 = 0.1073

. regress leloss21_f si_21, robust

Linear regression                               Number of obs     =         26
                                                F(1, 24)          =       3.18
                                                Prob > F          =     0.0870
                                                R-squared         =     0.0633
                                                Root MSE          =     1.1609

------------------------------------------------------------------------------
             |               Robust
  leloss21_f | Coefficient  std. err.      t    P>|t|     [95% conf. interval]
-------------+----------------------------------------------------------------
       si_21 |  -.0380166   .0213034    -1.78   0.087    -.0819846    .0059514
       _cons |   3.400459   1.266348     2.69   0.013      .786846    6.014072
------------------------------------------------------------------------------

. 
. * Associations between LE losses and trust in government incl linearity and heteroscedasticity
. * ========================================================================================
. 
. regress leloss21_m trustgov

      Source |       SS           df       MS      Number of obs   =        26
-------------+----------------------------------   F(1, 24)        =     18.93
       Model |  14.4657612         1  14.4657612   Prob > F        =    0.0002
    Residual |  18.3442265        24  .764342771   R-squared       =    0.4409
-------------+----------------------------------   Adj R-squared   =    0.4176
       Total |  32.8099877        25  1.31239951   Root MSE        =    .87427

------------------------------------------------------------------------------
  leloss21_m | Coefficient  Std. err.      t    P>|t|     [95% conf. interval]
-------------+----------------------------------------------------------------
    trustgov |  -.0440607    .010128    -4.35   0.000     -.064964   -.0231575
       _cons |   4.301697   .6103294     7.05   0.000     3.042039    5.561355
------------------------------------------------------------------------------

. linktest

      Source |       SS           df       MS      Number of obs   =        26
-------------+----------------------------------   F(2, 23)        =      9.42
       Model |  14.7775258         2  7.38876292   Prob > F        =    0.0010
    Residual |  18.0324618        23   .78402008   R-squared       =    0.4504
-------------+----------------------------------   Adj R-squared   =    0.4026
       Total |  32.8099877        25  1.31239951   Root MSE        =    .88545

------------------------------------------------------------------------------
  leloss21_m | Coefficient  Std. err.      t    P>|t|     [95% conf. interval]
-------------+----------------------------------------------------------------
        _hat |   .3632158   1.036305     0.35   0.729    -1.780544    2.506975
      _hatsq |   .2181259   .3459053     0.63   0.535    -.4974338    .9336856
       _cons |   .3245609   .6794857     0.48   0.637    -1.081062    1.730184
------------------------------------------------------------------------------

. estat hettest 

Breuschâ€“Pagan/Cookâ€“Weisberg test for heteroskedasticity 
Assumption: Normal error terms
Variable: Fitted values of leloss21_m

H0: Constant variance

    chi2(1) =   1.79
Prob > chi2 = 0.1806

. regress leloss21_m trustgov, robust

Linear regression                               Number of obs     =         26
                                                F(1, 24)          =      43.59
                                                Prob > F          =     0.0000
                                                R-squared         =     0.4409
                                                Root MSE          =     .87427

------------------------------------------------------------------------------
             |               Robust
  leloss21_m | Coefficient  std. err.      t    P>|t|     [95% conf. interval]
-------------+----------------------------------------------------------------
    trustgov |  -.0440607   .0066738    -6.60   0.000    -.0578347   -.0302868
       _cons |   4.301697   .5029623     8.55   0.000     3.263634     5.33976
------------------------------------------------------------------------------

. 
. regress leloss21_f trustgov

      Source |       SS           df       MS      Number of obs   =        26
-------------+----------------------------------   F(1, 24)        =     12.84
       Model |  12.0327825         1  12.0327825   Prob > F        =    0.0015
    Residual |  22.4939279        24  .937246997   R-squared       =    0.3485
-------------+----------------------------------   Adj R-squared   =    0.3214
       Total |  34.5267105        25  1.38106842   Root MSE        =    .96812

------------------------------------------------------------------------------
  leloss21_f | Coefficient  Std. err.      t    P>|t|     [95% conf. interval]
-------------+----------------------------------------------------------------
    trustgov |   -.040185   .0112152    -3.58   0.001    -.0633321   -.0170379
       _cons |   3.741392   .6758452     5.54   0.000     2.346516    5.136268
------------------------------------------------------------------------------

. linktest

      Source |       SS           df       MS      Number of obs   =        26
-------------+----------------------------------   F(2, 23)        =      6.61
       Model |  12.6070874         2  6.30354372   Prob > F        =    0.0054
    Residual |   21.919623        23  .953027088   R-squared       =    0.3651
-------------+----------------------------------   Adj R-squared   =    0.3099
       Total |  34.5267105        25  1.38106842   Root MSE        =    .97623

------------------------------------------------------------------------------
  leloss21_f | Coefficient  Std. err.      t    P>|t|     [95% conf. interval]
-------------+----------------------------------------------------------------
        _hat |   .1818622   1.090848     0.17   0.869     -2.07473    2.438454
      _hatsq |   .3559101   .4584813     0.78   0.445    -.5925307    1.304351
       _cons |   .2798997   .5707548     0.49   0.628    -.9007966    1.460596
------------------------------------------------------------------------------

. estat hettest 

Breuschâ€“Pagan/Cookâ€“Weisberg test for heteroskedasticity 
Assumption: Normal error terms
Variable: Fitted values of leloss21_f

H0: Constant variance

    chi2(1) =   3.06
Prob > chi2 = 0.0804

. regress leloss21_f trustgov, robust

Linear regression                               Number of obs     =         26
                                                F(1, 24)          =      30.34
                                                Prob > F          =     0.0000
                                                R-squared         =     0.3485
                                                Root MSE          =     .96812

------------------------------------------------------------------------------
             |               Robust
  leloss21_f | Coefficient  std. err.      t    P>|t|     [95% conf. interval]
-------------+----------------------------------------------------------------
    trustgov |   -.040185   .0072961    -5.51   0.000    -.0552434   -.0251267
       _cons |   3.741392   .5775314     6.48   0.000     2.549426    4.933359
------------------------------------------------------------------------------

. 
. * Associations between LE losses and trust in science incl linearity and heteroscedasticity
. * ========================================================================================
. 
. regress leloss21_m trustsci

      Source |       SS           df       MS      Number of obs   =        26
-------------+----------------------------------   F(1, 24)        =     10.42
       Model |  9.93484437         1  9.93484437   Prob > F        =    0.0036
    Residual |  22.8751433        24  .953130972   R-squared       =    0.3028
-------------+----------------------------------   Adj R-squared   =    0.2737
       Total |  32.8099877        25  1.31239951   Root MSE        =    .97628

------------------------------------------------------------------------------
  leloss21_m | Coefficient  Std. err.      t    P>|t|     [95% conf. interval]
-------------+----------------------------------------------------------------
    trustsci |  -.1261573   .0390758    -3.23   0.004    -.2068058   -.0455087
       _cons |   13.09597   3.518429     3.72   0.001     5.834288    20.35765
------------------------------------------------------------------------------

. linktest

      Source |       SS           df       MS      Number of obs   =        26
-------------+----------------------------------   F(2, 23)        =      5.45
       Model |  10.5510327         2  5.27551635   Prob > F        =    0.0115
    Residual |   22.258955        23  .967780652   R-squared       =    0.3216
-------------+----------------------------------   Adj R-squared   =    0.2626
       Total |  32.8099877        25  1.31239951   Root MSE        =    .98376

------------------------------------------------------------------------------
  leloss21_m | Coefficient  Std. err.      t    P>|t|     [95% conf. interval]
-------------+----------------------------------------------------------------
        _hat |  -.2685011   1.620076    -0.17   0.870    -3.619883    3.082881
      _hatsq |   .3095552   .3879448     0.80   0.433    -.4929697     1.11208
       _cons |   1.154217   1.558557     0.74   0.466    -2.069904    4.378338
------------------------------------------------------------------------------

. estat hettest 

Breuschâ€“Pagan/Cookâ€“Weisberg test for heteroskedasticity 
Assumption: Normal error terms
Variable: Fitted values of leloss21_m

H0: Constant variance

    chi2(1) =   0.06
Prob > chi2 = 0.8016

. regress leloss21_m trustsci, robust

Linear regression                               Number of obs     =         26
                                                F(1, 24)          =      17.87
                                                Prob > F          =     0.0003
                                                R-squared         =     0.3028
                                                Root MSE          =     .97628

------------------------------------------------------------------------------
             |               Robust
  leloss21_m | Coefficient  std. err.      t    P>|t|     [95% conf. interval]
-------------+----------------------------------------------------------------
    trustsci |  -.1261573   .0298406    -4.23   0.000    -.1877453   -.0645692
       _cons |   13.09597    2.67224     4.90   0.000     7.580736     18.6112
------------------------------------------------------------------------------

. 
. regress leloss21_f trustsci

      Source |       SS           df       MS      Number of obs   =        26
-------------+----------------------------------   F(1, 24)        =     17.82
       Model |  14.7131877         1  14.7131877   Prob > F        =    0.0003
    Residual |  19.8135227        24  .825563448   R-squared       =    0.4261
-------------+----------------------------------   Adj R-squared   =    0.4022
       Total |  34.5267105        25  1.38106842   Root MSE        =    .90861

------------------------------------------------------------------------------
  leloss21_f | Coefficient  Std. err.      t    P>|t|     [95% conf. interval]
-------------+----------------------------------------------------------------
    trustsci |  -.1535271    .036367    -4.22   0.000    -.2285848   -.0784694
       _cons |   15.22058   3.274521     4.65   0.000     8.462297    21.97886
------------------------------------------------------------------------------

. linktest

      Source |       SS           df       MS      Number of obs   =        26
-------------+----------------------------------   F(2, 23)        =     10.56
       Model |  16.5281627         2  8.26408134   Prob > F        =    0.0006
    Residual |  17.9985478        23  .782545556   R-squared       =    0.4787
-------------+----------------------------------   Adj R-squared   =    0.4334
       Total |  34.5267105        25  1.38106842   Root MSE        =    .88462

------------------------------------------------------------------------------
  leloss21_f | Coefficient  Std. err.      t    P>|t|     [95% conf. interval]
-------------+----------------------------------------------------------------
        _hat |  -.2748306   .8682775    -0.32   0.754    -2.070999    1.521338
      _hatsq |   .3587328    .235554     1.52   0.141    -.1285479    .8460134
       _cons |   .8832148   .6879477     1.28   0.212    -.5399134    2.306343
------------------------------------------------------------------------------

. estat hettest 

Breuschâ€“Pagan/Cookâ€“Weisberg test for heteroskedasticity 
Assumption: Normal error terms
Variable: Fitted values of leloss21_f

H0: Constant variance

    chi2(1) =   0.22
Prob > chi2 = 0.6397

. regress leloss21_f trustsci, robust

Linear regression                               Number of obs     =         26
                                                F(1, 24)          =      19.15
                                                Prob > F          =     0.0002
                                                R-squared         =     0.4261
                                                Root MSE          =     .90861

------------------------------------------------------------------------------
             |               Robust
  leloss21_f | Coefficient  std. err.      t    P>|t|     [95% conf. interval]
-------------+----------------------------------------------------------------
    trustsci |  -.1535271   .0350838    -4.38   0.000    -.2259365   -.0811177
       _cons |   15.22058   3.183186     4.78   0.000     8.650804    21.79035
------------------------------------------------------------------------------

. 
. * Associations between LE losses and regulations enforcement incl linearity and heteroscedasticity
. * ========================================================================================
. 
. regress leloss21_m regenforc

      Source |       SS           df       MS      Number of obs   =        25
-------------+----------------------------------   F(1, 23)        =     19.65
       Model |  14.5830757         1  14.5830757   Prob > F        =    0.0002
    Residual |  17.0727395        23   .74229302   R-squared       =    0.4607
-------------+----------------------------------   Adj R-squared   =    0.4372
       Total |  31.6558152        24   1.3189923   Root MSE        =    .86156

------------------------------------------------------------------------------
  leloss21_m | Coefficient  Std. err.      t    P>|t|     [95% conf. interval]
-------------+----------------------------------------------------------------
   regenforc |  -5.946343   1.341569    -4.43   0.000     -8.72159   -3.171096
       _cons |   6.017266   .9679218     6.22   0.000     4.014967    8.019565
------------------------------------------------------------------------------

. linktest

      Source |       SS           df       MS      Number of obs   =        25
-------------+----------------------------------   F(2, 22)        =      9.84
       Model |  14.9461193         2  7.47305966   Prob > F        =    0.0009
    Residual |  16.7096959        22  .759531632   R-squared       =    0.4721
-------------+----------------------------------   Adj R-squared   =    0.4242
       Total |  31.6558152        24   1.3189923   Root MSE        =    .87151

------------------------------------------------------------------------------
  leloss21_m | Coefficient  Std. err.      t    P>|t|     [95% conf. interval]
-------------+----------------------------------------------------------------
        _hat |   1.884145   1.299045     1.45   0.161    -.8099092    4.578198
      _hatsq |  -.2301787   .3329342    -0.69   0.497    -.9206421    .4602846
       _cons |  -.7111639   1.120894    -0.63   0.532    -3.035757    1.613429
------------------------------------------------------------------------------

. estat hettest 

Breuschâ€“Pagan/Cookâ€“Weisberg test for heteroskedasticity 
Assumption: Normal error terms
Variable: Fitted values of leloss21_m

H0: Constant variance

    chi2(1) =   0.52
Prob > chi2 = 0.4723

. regress leloss21_m regenforc, robust

Linear regression                               Number of obs     =         25
                                                F(1, 23)          =      30.85
                                                Prob > F          =     0.0000
                                                R-squared         =     0.4607
                                                Root MSE          =     .86156

------------------------------------------------------------------------------
             |               Robust
  leloss21_m | Coefficient  std. err.      t    P>|t|     [95% conf. interval]
-------------+----------------------------------------------------------------
   regenforc |  -5.946343   1.070612    -5.55   0.000    -8.161073   -3.731613
       _cons |   6.017266   .8210718     7.33   0.000     4.318749    7.715782
------------------------------------------------------------------------------

. 
. regress leloss21_f regenforc

      Source |       SS           df       MS      Number of obs   =        25
-------------+----------------------------------   F(1, 23)        =     20.95
       Model |  15.7345168         1  15.7345168   Prob > F        =    0.0001
    Residual |  17.2762982        23  .751143399   R-squared       =    0.4766
-------------+----------------------------------   Adj R-squared   =    0.4539
       Total |  33.0108149        24  1.37545062   Root MSE        =    .86669

------------------------------------------------------------------------------
  leloss21_f | Coefficient  Std. err.      t    P>|t|     [95% conf. interval]
-------------+----------------------------------------------------------------
   regenforc |  -6.176637   1.349543    -4.58   0.000     -8.96838   -3.384894
       _cons |   5.850765    .973675     6.01   0.000     3.836565    7.864966
------------------------------------------------------------------------------

. linktest

      Source |       SS           df       MS      Number of obs   =        25
-------------+----------------------------------   F(2, 22)        =     10.11
       Model |  15.8096373         2  7.90481865   Prob > F        =    0.0008
    Residual |  17.2011776        22  .781871711   R-squared       =    0.4789
-------------+----------------------------------   Adj R-squared   =    0.4316
       Total |  33.0108149        24  1.37545062   Root MSE        =    .88424

------------------------------------------------------------------------------
  leloss21_f | Coefficient  Std. err.      t    P>|t|     [95% conf. interval]
-------------+----------------------------------------------------------------
        _hat |   .6903563   1.023531     0.67   0.507    -1.432317    2.813029
      _hatsq |   .0970426   .3130754     0.31   0.760    -.5522361    .7463213
       _cons |   .1842911   .7010742     0.26   0.795    -1.269648     1.63823
------------------------------------------------------------------------------

. estat hettest 

Breuschâ€“Pagan/Cookâ€“Weisberg test for heteroskedasticity 
Assumption: Normal error terms
Variable: Fitted values of leloss21_f

H0: Constant variance

    chi2(1) =   4.58
Prob > chi2 = 0.0324

. regress leloss21_f regenforc, robust

Linear regression                               Number of obs     =         25
                                                F(1, 23)          =      19.62
                                                Prob > F          =     0.0002
                                                R-squared         =     0.4766
                                                Root MSE          =     .86669

------------------------------------------------------------------------------
             |               Robust
  leloss21_f | Coefficient  std. err.      t    P>|t|     [95% conf. interval]
-------------+----------------------------------------------------------------
   regenforc |  -6.176637   1.394622    -4.43   0.000    -9.061632   -3.291643
       _cons |   5.850765   1.100626     5.32   0.000     3.573947    8.127583
------------------------------------------------------------------------------

. 
. 
. 
. * Analysis of the East-West life expectancy gap and its attenuation due to factors
. * ========================================================================================
. 
. regress leloss21_m ib2.x_group, robust

Linear regression                               Number of obs     =         26
                                                F(1, 24)          =      63.55
                                                Prob > F          =     0.0000
                                                R-squared         =     0.7506
                                                Root MSE          =     .58385

------------------------------------------------------------------------------
             |               Robust
  leloss21_m | Coefficient  std. err.      t    P>|t|     [95% conf. interval]
-------------+----------------------------------------------------------------
     x_group |
         EE  |       1.97   .2471254     7.97   0.000     1.459958    2.480042
       _cons |        .92   .1190257     7.73   0.000     .6743431    1.165657
------------------------------------------------------------------------------

. 
. regress leloss21_m ib2.x_group vac01_09x, robust

Linear regression                               Number of obs     =         26
                                                F(2, 23)          =      39.19
                                                Prob > F          =     0.0000
                                                R-squared         =     0.7837
                                                Root MSE          =     .55551

------------------------------------------------------------------------------
             |               Robust
  leloss21_m | Coefficient  std. err.      t    P>|t|     [95% conf. interval]
-------------+----------------------------------------------------------------
     x_group |
         EE  |   1.509771   .2936216     5.14   0.000     .9023685    2.117174
   vac01_09x |   -.024276   .0104842    -2.32   0.030    -.0459642   -.0025878
       _cons |   2.428511    .696624     3.49   0.002     .9874345    3.869587
------------------------------------------------------------------------------

. regress leloss21_m ib2.x_group si_21, robust

Linear regression                               Number of obs     =         26
                                                F(2, 23)          =      32.70
                                                Prob > F          =     0.0000
                                                R-squared         =     0.7916
                                                Root MSE          =     .54529

------------------------------------------------------------------------------
             |               Robust
  leloss21_m | Coefficient  std. err.      t    P>|t|     [95% conf. interval]
-------------+----------------------------------------------------------------
     x_group |
         EE  |   2.206074   .2889692     7.63   0.000     1.608295    2.803852
       si_21 |   .0335015   .0119223     2.81   0.010     .0088383    .0581646
       _cons |  -.9274937   .6591691    -1.41   0.173    -2.291089    .4361014
------------------------------------------------------------------------------

. regress leloss21_m ib2.x_group trustgov, robust

Linear regression                               Number of obs     =         26
                                                F(2, 23)          =      37.54
                                                Prob > F          =     0.0000
                                                R-squared         =     0.7894
                                                Root MSE          =     .54815

------------------------------------------------------------------------------
             |               Robust
  leloss21_m | Coefficient  std. err.      t    P>|t|     [95% conf. interval]
-------------+----------------------------------------------------------------
     x_group |
         EE  |   1.650075   .2578167     6.40   0.000      1.11674    2.183409
    trustgov |  -.0160522   .0051455    -3.12   0.005    -.0266965   -.0054079
       _cons |   1.983726   .3506554     5.66   0.000      1.25834    2.709112
------------------------------------------------------------------------------

. regress leloss21_m ib2.x_group trustsci, robust

Linear regression                               Number of obs     =         26
                                                F(2, 23)          =      56.35
                                                Prob > F          =     0.0000
                                                R-squared         =     0.8048
                                                Root MSE          =     .52764

------------------------------------------------------------------------------
             |               Robust
  leloss21_m | Coefficient  std. err.      t    P>|t|     [95% conf. interval]
-------------+----------------------------------------------------------------
     x_group |
         EE  |   1.747562   .2458696     7.11   0.000     1.238942    2.256182
    trustsci |  -.0578901   .0170945    -3.39   0.003    -.0932528   -.0225274
       _cons |   6.218874   1.585888     3.92   0.001     2.938215    9.499532
------------------------------------------------------------------------------

. regress leloss21_m ib2.x_group regenforc, robust

Linear regression                               Number of obs     =         25
                                                F(2, 22)          =      35.06
                                                Prob > F          =     0.0000
                                                R-squared         =     0.7927
                                                Root MSE          =     .54609

------------------------------------------------------------------------------
             |               Robust
  leloss21_m | Coefficient  std. err.      t    P>|t|     [95% conf. interval]
-------------+----------------------------------------------------------------
     x_group |
         EE  |   1.598451   .2498806     6.40   0.000      1.08023    2.116672
   regenforc |   -2.38628   .8714945    -2.74   0.012    -4.193649   -.5789114
       _cons |   2.786445    .672318     4.14   0.000     1.392143    4.180747
------------------------------------------------------------------------------

. 
. regress leloss21_m ib2.x_group vac01_09x trustgov, robust

Linear regression                               Number of obs     =         26
                                                F(3, 22)          =      35.76
                                                Prob > F          =     0.0000
                                                R-squared         =     0.8334
                                                Root MSE          =     .49844

------------------------------------------------------------------------------
             |               Robust
  leloss21_m | Coefficient  std. err.      t    P>|t|     [95% conf. interval]
-------------+----------------------------------------------------------------
     x_group |
         EE  |   1.067955   .3024699     3.53   0.002     .4406711    1.695239
   vac01_09x |   -.028284   .0082686    -3.42   0.002    -.0454321   -.0111359
    trustgov |  -.0183555   .0045669    -4.02   0.001    -.0278266   -.0088844
       _cons |   3.893928   .6844931     5.69   0.000     2.474376     5.31348
------------------------------------------------------------------------------

. regress leloss21_m ib2.x_group vac01_09x trustsci, robust

Linear regression                               Number of obs     =         26
                                                F(3, 22)          =      48.39
                                                Prob > F          =     0.0000
                                                R-squared         =     0.8129
                                                Root MSE          =      .5282

------------------------------------------------------------------------------
             |               Robust
  leloss21_m | Coefficient  std. err.      t    P>|t|     [95% conf. interval]
-------------+----------------------------------------------------------------
     x_group |
         EE  |   1.536191   .2627686     5.85   0.000     .9912423     2.08114
   vac01_09x |  -.0133228    .009204    -1.45   0.162    -.0324107    .0057651
    trustsci |  -.0471663   .0171032    -2.76   0.011    -.0826361   -.0116965
       _cons |   6.065168   1.427245     4.25   0.000     3.105243    9.025093
------------------------------------------------------------------------------

. regress leloss21_m ib2.x_group vac01_09x regenforc, robust

Linear regression                               Number of obs     =         25
                                                F(3, 21)          =      32.71
                                                Prob > F          =     0.0000
                                                R-squared         =     0.8169
                                                Root MSE          =     .52541

------------------------------------------------------------------------------
             |               Robust
  leloss21_m | Coefficient  std. err.      t    P>|t|     [95% conf. interval]
-------------+----------------------------------------------------------------
     x_group |
         EE  |   1.234946   .2948619     4.19   0.000     .6217472    1.848145
   vac01_09x |  -.0211993   .0079252    -2.67   0.014    -.0376806   -.0047181
   regenforc |  -2.047146   .7272618    -2.81   0.010     -3.55957   -.5347226
       _cons |   3.852924   .6981465     5.52   0.000     2.401049      5.3048
------------------------------------------------------------------------------

. 
. regress leloss21_f ib2.x_group

      Source |       SS           df       MS      Number of obs   =        26
-------------+----------------------------------   F(1, 24)        =     49.30
       Model |    23.22198         1    23.22198   Prob > F        =    0.0000
    Residual |  11.3047305        24  .471030437   R-squared       =    0.6726
-------------+----------------------------------   Adj R-squared   =    0.6589
       Total |  34.5267105        25  1.38106842   Root MSE        =    .68632

------------------------------------------------------------------------------
  leloss21_f | Coefficient  Std. err.      t    P>|t|     [95% conf. interval]
-------------+----------------------------------------------------------------
     x_group |
         EE  |   1.912909   .2724389     7.02   0.000     1.350623    2.475195
       _cons |       .608   .1772062     3.43   0.002     .2422644    .9737356
------------------------------------------------------------------------------

. 
. regress leloss21_f ib2.x_group vac01_09x

      Source |       SS           df       MS      Number of obs   =        26
-------------+----------------------------------   F(2, 23)        =     34.67
       Model |  25.9260861         2   12.963043   Prob > F        =    0.0000
    Residual |   8.6006244        23  .373940191   R-squared       =    0.7509
-------------+----------------------------------   Adj R-squared   =    0.7292
       Total |  34.5267105        25  1.38106842   Root MSE        =    .61151

------------------------------------------------------------------------------
  leloss21_f | Coefficient  Std. err.      t    P>|t|     [95% conf. interval]
-------------+----------------------------------------------------------------
     x_group |
         EE  |   1.185908    .363335     3.26   0.003     .4342922    1.937524
   vac01_09x |  -.0383476   .0142603    -2.69   0.013    -.0678472    -.008848
       _cons |   2.990921   .9000894     3.32   0.003     1.128944    4.852898
------------------------------------------------------------------------------

. regress leloss21_f ib2.x_group si_21

      Source |       SS           df       MS      Number of obs   =        26
-------------+----------------------------------   F(2, 23)        =     25.80
       Model |  23.8817784         2  11.9408892   Prob > F        =    0.0000
    Residual |   10.644932        23  .462823132   R-squared       =    0.6917
-------------+----------------------------------   Adj R-squared   =    0.6649
       Total |  34.5267105        25  1.38106842   Root MSE        =    .68031

------------------------------------------------------------------------------
  leloss21_f | Coefficient  Std. err.      t    P>|t|     [95% conf. interval]
-------------+----------------------------------------------------------------
     x_group |
         EE  |   2.078412   .3035517     6.85   0.000     1.450468    2.706357
       si_21 |   .0234867   .0196709     1.19   0.245    -.0172056    .0641791
       _cons |  -.6872144   1.098914    -0.63   0.538    -2.960492    1.586063
------------------------------------------------------------------------------

. regress leloss21_f ib2.x_group trustgov, robust

Linear regression                               Number of obs     =         26
                                                F(2, 23)          =      23.91
                                                Prob > F          =     0.0000
                                                R-squared         =     0.6920
                                                Root MSE          =     .67998

------------------------------------------------------------------------------
             |               Robust
  leloss21_f | Coefficient  std. err.      t    P>|t|     [95% conf. interval]
-------------+----------------------------------------------------------------
     x_group |
         EE  |   1.680532   .3200667     5.25   0.000     1.018423     2.34264
    trustgov |  -.0116595   .0040107    -2.91   0.008    -.0199563   -.0033627
       _cons |   1.380637   .2985774     4.62   0.000     .7629823    1.998291
------------------------------------------------------------------------------

. regress leloss21_f ib2.x_group trustsci

      Source |       SS           df       MS      Number of obs   =        26
-------------+----------------------------------   F(2, 23)        =     47.38
       Model |  27.7826702         2  13.8913351   Prob > F        =    0.0000
    Residual |  6.74404027        23  .293219142   R-squared       =    0.8047
-------------+----------------------------------   Adj R-squared   =    0.7877
       Total |  34.5267105        25  1.38106842   Root MSE        =     .5415

------------------------------------------------------------------------------
  leloss21_f | Coefficient  Std. err.      t    P>|t|     [95% conf. interval]
-------------+----------------------------------------------------------------
     x_group |
         EE  |   1.556648   .2331617     6.68   0.000     1.074316     2.03898
    trustsci |  -.0927179   .0235095    -3.94   0.001    -.1413511   -.0440847
       _cons |   9.094775   2.156445     4.22   0.000      4.63383    13.55572
------------------------------------------------------------------------------

. regress leloss21_f ib2.x_group regenforc, robust

Linear regression                               Number of obs     =         25
                                                F(2, 22)          =      23.59
                                                Prob > F          =     0.0000
                                                R-squared         =     0.7360
                                                Root MSE          =      .6294

------------------------------------------------------------------------------
             |               Robust
  leloss21_f | Coefficient  std. err.      t    P>|t|     [95% conf. interval]
-------------+----------------------------------------------------------------
     x_group |
         EE  |   1.442518   .2320628     6.22   0.000     .9612488    1.923786
   regenforc |  -2.963869   1.134043    -2.61   0.016    -5.315729   -.6120079
       _cons |    2.93512    .878755     3.34   0.003     1.112694    4.757547
------------------------------------------------------------------------------

. 
. regress leloss21_f ib2.x_group vac01_09x trustgov, robust

Linear regression                               Number of obs     =         26
                                                F(3, 22)          =      23.07
                                                Prob > F          =     0.0000
                                                R-squared         =     0.7827
                                                Root MSE          =     .58402

------------------------------------------------------------------------------
             |               Robust
  leloss21_f | Coefficient  std. err.      t    P>|t|     [95% conf. interval]
-------------+----------------------------------------------------------------
     x_group |
         EE  |   .8236567   .3768782     2.19   0.040     .0420591    1.605254
   vac01_09x |  -.0416339   .0156564    -2.66   0.014    -.0741033   -.0091644
    trustgov |    -.01505   .0048437    -3.11   0.005    -.0250952   -.0050047
       _cons |   4.192438   1.124759     3.73   0.001     1.859831    6.525046
------------------------------------------------------------------------------

. regress leloss21_f ib2.x_group vac01_09x trustsci

      Source |       SS           df       MS      Number of obs   =        26
-------------+----------------------------------   F(3, 22)        =     34.14
       Model |  28.4222135         3  9.47407116   Prob > F        =    0.0000
    Residual |  6.10449698        22  .277477136   R-squared       =    0.8232
-------------+----------------------------------   Adj R-squared   =    0.7991
       Total |  34.5267105        25  1.38106842   Root MSE        =    .52676

------------------------------------------------------------------------------
  leloss21_f | Coefficient  Std. err.      t    P>|t|     [95% conf. interval]
-------------+----------------------------------------------------------------
     x_group |
         EE  |   1.228518   .3133046     3.92   0.001     .5787645    1.878272
   vac01_09x |  -.0206821    .013623    -1.52   0.143    -.0489346    .0075703
    trustsci |  -.0760704   .0253627    -3.00   0.007    -.1286695   -.0234713
       _cons |   8.856165   2.103639     4.21   0.000     4.493484    13.21885
------------------------------------------------------------------------------

. regress leloss21_f ib2.x_group vac01_09x regenforc, robust

Linear regression                               Number of obs     =         25
                                                F(3, 21)          =      21.96
                                                Prob > F          =     0.0000
                                                R-squared         =     0.8021
                                                Root MSE          =     .55779

------------------------------------------------------------------------------
             |               Robust
  leloss21_f | Coefficient  std. err.      t    P>|t|     [95% conf. interval]
-------------+----------------------------------------------------------------
     x_group |
         EE  |   .8280922   .3560539     2.33   0.030     .0876375    1.568547
   vac01_09x |  -.0358328   .0127016    -2.82   0.010    -.0622473   -.0094183
   regenforc |  -2.390637   .7169104    -3.33   0.003    -3.881534   -.8997403
       _cons |    4.73777   1.128526     4.20   0.000     2.390872    7.084667
------------------------------------------------------------------------------

. 
. * Model-fit comparisons 
. * ========================================================================================
. 
. regress leloss21_m ib2.x_group vac01_09x if regenforc!=.

      Source |       SS           df       MS      Number of obs   =        25
-------------+----------------------------------   F(2, 22)        =     39.42
       Model |  24.7502106         2  12.3751053   Prob > F        =    0.0000
    Residual |  6.90560463        22   .31389112   R-squared       =    0.7819
-------------+----------------------------------   Adj R-squared   =    0.7620
       Total |  31.6558152        24   1.3189923   Root MSE        =    .56026

------------------------------------------------------------------------------
  leloss21_m | Coefficient  Std. err.      t    P>|t|     [95% conf. interval]
-------------+----------------------------------------------------------------
     x_group |
         EE  |   1.440639   .3444271     4.18   0.000     .7263409    2.154937
   vac01_09x |  -.0262971   .0133184    -1.97   0.061    -.0539178    .0013236
       _cons |   2.584917   .8485707     3.05   0.006     .8250888    4.344744
------------------------------------------------------------------------------

. est sto M1

. fitstat

Measures of Fit for regress of leloss21_m

Log-Lik Intercept Only:      -38.424     Log-Lik Full Model:          -19.392
D(21):                        38.783     LR(2):                        38.065
                                         Prob > LR:                     0.000
R2:                            0.782     Adjusted R2:                   0.762
AIC:                           1.871     AIC*n:                        46.783
BIC:                         -28.813     BIC':                        -31.627

. regress leloss21_m ib2.x_group vac01_09x regenforc

      Source |       SS           df       MS      Number of obs   =        25
-------------+----------------------------------   F(3, 21)        =     31.22
       Model |  25.8586086         3  8.61953619   Prob > F        =    0.0000
    Residual |  5.79720664        21  .276057459   R-squared       =    0.8169
-------------+----------------------------------   Adj R-squared   =    0.7907
       Total |  31.6558152        24   1.3189923   Root MSE        =    .52541

------------------------------------------------------------------------------
  leloss21_m | Coefficient  Std. err.      t    P>|t|     [95% conf. interval]
-------------+----------------------------------------------------------------
     x_group |
         EE  |   1.234946   .3389233     3.64   0.002     .5301164    1.939776
   vac01_09x |  -.0211993   .0127465    -1.66   0.111    -.0477071    .0053084
   regenforc |  -2.047146   1.021647    -2.00   0.058    -4.171777    .0774844
       _cons |   3.852924   1.016725     3.79   0.001     1.738528     5.96732
------------------------------------------------------------------------------

. est sto M2

. fitstat

Measures of Fit for regress of leloss21_m

Log-Lik Intercept Only:      -38.424     Log-Lik Full Model:          -17.205
D(20):                        34.409     LR(3):                        42.439
                                         Prob > LR:                     0.000
R2:                            0.817     Adjusted R2:                   0.791
AIC:                           1.776     AIC*n:                        44.409
BIC:                         -29.968     BIC':                        -32.782

. lrtest M1 M2

Likelihood-ratio test
Assumption: M1 nested within M2

 LR chi2(1) =   4.37
Prob > chi2 = 0.0365

. 
. regress leloss21_f ib2.x_group vac01_09x if regenforc!=.

      Source |       SS           df       MS      Number of obs   =        25
-------------+----------------------------------   F(2, 22)        =     34.13
       Model |  24.9656257         2  12.4828128   Prob > F        =    0.0000
    Residual |  8.04518928        22  .365690422   R-squared       =    0.7563
-------------+----------------------------------   Adj R-squared   =    0.7341
       Total |  33.0108149        24  1.37545062   Root MSE        =    .60472

------------------------------------------------------------------------------
  leloss21_f | Coefficient  Std. err.      t    P>|t|     [95% conf. interval]
-------------+----------------------------------------------------------------
     x_group |
         EE  |   1.068298   .3717616     2.87   0.009     .2973118    1.839285
   vac01_09x |  -.0417859   .0143754    -2.91   0.008    -.0715987   -.0119732
       _cons |   3.257003   .9159152     3.56   0.002     1.357511    5.156495
------------------------------------------------------------------------------

. est sto M1

. fitstat

Measures of Fit for regress of leloss21_f

Log-Lik Intercept Only:      -38.948     Log-Lik Full Model:          -21.301
D(21):                        42.602     LR(2):                        35.294
                                         Prob > LR:                     0.000
R2:                            0.756     Adjusted R2:                   0.734
AIC:                           2.024     AIC*n:                        50.602
BIC:                         -24.995     BIC':                        -28.856

. regress leloss21_f ib2.x_group vac01_09x regenforc

      Source |       SS           df       MS      Number of obs   =        25
-------------+----------------------------------   F(3, 21)        =     28.37
       Model |  26.4771852         3  8.82572838   Prob > F        =    0.0000
    Residual |   6.5336298        21  .311125228   R-squared       =    0.8021
-------------+----------------------------------   Adj R-squared   =    0.7738
       Total |  33.0108149        24  1.37545062   Root MSE        =    .55779

------------------------------------------------------------------------------
  leloss21_f | Coefficient  Std. err.      t    P>|t|     [95% conf. interval]
-------------+----------------------------------------------------------------
     x_group |
         EE  |   .8280922   .3598068     2.30   0.032     .0798331    1.576351
   vac01_09x |  -.0358328   .0135319    -2.65   0.015    -.0639739   -.0076918
   regenforc |  -2.390637   1.084598    -2.20   0.039    -4.646181   -.1350929
       _cons |    4.73777   1.079373     4.39   0.000     2.493091    6.982449
------------------------------------------------------------------------------

. est sto M2

. fitstat

Measures of Fit for regress of leloss21_f

Log-Lik Intercept Only:      -38.948     Log-Lik Full Model:          -18.700
D(20):                        37.399     LR(3):                        40.497
                                         Prob > LR:                     0.000
R2:                            0.802     Adjusted R2:                   0.774
AIC:                           1.896     AIC*n:                        47.399
BIC:                         -26.978     BIC':                        -30.840

. lrtest M1 M2

Likelihood-ratio test
Assumption: M1 nested within M2

 LR chi2(1) =   5.20
Prob > chi2 = 0.0226

. 
. regress leloss21_m ib2.x_group vac01_09x if trustgov!=.

      Source |       SS           df       MS      Number of obs   =        26
-------------+----------------------------------   F(2, 23)        =     41.66
       Model |  25.7124686         2  12.8562343   Prob > F        =    0.0000
    Residual |  7.09751905        23  .308587785   R-squared       =    0.7837
-------------+----------------------------------   Adj R-squared   =    0.7649
       Total |  32.8099877        25  1.31239951   Root MSE        =    .55551

------------------------------------------------------------------------------
  leloss21_m | Coefficient  Std. err.      t    P>|t|     [95% conf. interval]
-------------+----------------------------------------------------------------
     x_group |
         EE  |   1.509771    .330062     4.57   0.000     .8269858    2.192556
   vac01_09x |   -.024276   .0129544    -1.87   0.074    -.0510741    .0025221
       _cons |   2.428511   .8176622     2.97   0.007     .7370478    4.119974
------------------------------------------------------------------------------

. est sto M1

. fitstat

Measures of Fit for regress of leloss21_m

Log-Lik Intercept Only:      -39.917     Log-Lik Full Model:          -20.014
D(22):                        40.028     LR(2):                        39.806
                                         Prob > LR:                     0.000
R2:                            0.784     Adjusted R2:                   0.765
AIC:                           1.847     AIC*n:                        48.028
BIC:                         -31.650     BIC':                        -33.289

. regress leloss21_m ib2.x_group vac01_09x trustgov

      Source |       SS           df       MS      Number of obs   =        26
-------------+----------------------------------   F(3, 22)        =     36.69
       Model |  27.3441704         3  9.11472348   Prob > F        =    0.0000
    Residual |  5.46581725        22  .248446239   R-squared       =    0.8334
-------------+----------------------------------   Adj R-squared   =    0.8107
       Total |  32.8099877        25  1.31239951   Root MSE        =    .49844

------------------------------------------------------------------------------
  leloss21_m | Coefficient  Std. err.      t    P>|t|     [95% conf. interval]
-------------+----------------------------------------------------------------
     x_group |
         EE  |   1.067955   .3426819     3.12   0.005     .3572766    1.778634
   vac01_09x |   -.028284   .0117284    -2.41   0.025    -.0526072   -.0039608
    trustgov |  -.0183555   .0071625    -2.56   0.018    -.0332096   -.0035015
       _cons |   3.893928   .9301862     4.19   0.000      1.96484    5.823016
------------------------------------------------------------------------------

. est sto M2

. fitstat

Measures of Fit for regress of leloss21_m

Log-Lik Intercept Only:      -39.917     Log-Lik Full Model:          -16.618
D(21):                        33.236     LR(3):                        46.598
                                         Prob > LR:                     0.000
R2:                            0.833     Adjusted R2:                   0.811
AIC:                           1.663     AIC*n:                        43.236
BIC:                         -35.184     BIC':                        -36.823

. lrtest M1 M2

Likelihood-ratio test
Assumption: M1 nested within M2

 LR chi2(1) =   6.79
Prob > chi2 = 0.0092

. 
. regress leloss21_f ib2.x_group vac01_09x if trustgov!=.

      Source |       SS           df       MS      Number of obs   =        26
-------------+----------------------------------   F(2, 23)        =     34.67
       Model |  25.9260861         2   12.963043   Prob > F        =    0.0000
    Residual |   8.6006244        23  .373940191   R-squared       =    0.7509
-------------+----------------------------------   Adj R-squared   =    0.7292
       Total |  34.5267105        25  1.38106842   Root MSE        =    .61151

------------------------------------------------------------------------------
  leloss21_f | Coefficient  Std. err.      t    P>|t|     [95% conf. interval]
-------------+----------------------------------------------------------------
     x_group |
         EE  |   1.185908    .363335     3.26   0.003     .4342922    1.937524
   vac01_09x |  -.0383476   .0142603    -2.69   0.013    -.0678472    -.008848
       _cons |   2.990921   .9000894     3.32   0.003     1.128944    4.852898
------------------------------------------------------------------------------

. est sto M1

. fitstat

Measures of Fit for regress of leloss21_f

Log-Lik Intercept Only:      -40.580     Log-Lik Full Model:          -22.511
D(22):                        45.022     LR(2):                        36.137
                                         Prob > LR:                     0.000
R2:                            0.751     Adjusted R2:                   0.729
AIC:                           2.039     AIC*n:                        53.022
BIC:                         -26.656     BIC':                        -29.621

. regress leloss21_f ib2.x_group vac01_09x trustgov

      Source |       SS           df       MS      Number of obs   =        26
-------------+----------------------------------   F(3, 22)        =     26.41
       Model |  27.0230142         3  9.00767141   Prob > F        =    0.0000
    Residual |  7.50369625        22  .341077102   R-squared       =    0.7827
-------------+----------------------------------   Adj R-squared   =    0.7530
       Total |  34.5267105        25  1.38106842   Root MSE        =    .58402

------------------------------------------------------------------------------
  leloss21_f | Coefficient  Std. err.      t    P>|t|     [95% conf. interval]
-------------+----------------------------------------------------------------
     x_group |
         EE  |   .8236567   .4015145     2.05   0.052    -.0090333    1.656347
   vac01_09x |  -.0416339    .013742    -3.03   0.006    -.0701329   -.0131348
    trustgov |    -.01505   .0083921    -1.79   0.087    -.0324542    .0023543
       _cons |   4.192438   1.089883     3.85   0.001     1.932159    6.452718
------------------------------------------------------------------------------

. est sto M2

. fitstat

Measures of Fit for regress of leloss21_f

Log-Lik Intercept Only:      -40.580     Log-Lik Full Model:          -20.737
D(21):                        41.475     LR(3):                        39.685
                                         Prob > LR:                     0.000
R2:                            0.783     Adjusted R2:                   0.753
AIC:                           1.980     AIC*n:                        51.475
BIC:                         -26.945     BIC':                        -29.910

. lrtest M1 M2

Likelihood-ratio test
Assumption: M1 nested within M2

 LR chi2(1) =   3.55
Prob > chi2 = 0.0596

. 
. * The Vaccination-Trust scores by country 
. * ========================================================================================
. 
. egen x_vac01_09xSTD = std( vac01_09x)

. egen x_trustgovSTD =  std( trustgov)

. 
. * ---- Male Score
. 
. regress leloss21_m ib2.x_group x_vac01_09xSTD x_trustgovSTD , robust

Linear regression                               Number of obs     =         26
                                                F(3, 22)          =      35.76
                                                Prob > F          =     0.0000
                                                R-squared         =     0.8334
                                                Root MSE          =     .49844

--------------------------------------------------------------------------------
               |               Robust
    leloss21_m | Coefficient  std. err.      t    P>|t|     [95% conf. interval]
---------------+----------------------------------------------------------------
       x_group |
           EE  |   1.067955   .3024699     3.53   0.002     .4406711    1.695239
x_vac01_09xSTD |  -.3630832   .1061447    -3.42   0.002    -.5832137   -.1429526
 x_trustgovSTD |  -.3168951   .0788438    -4.02   0.001     -.480407   -.1533831
         _cons |   1.301634   .1295018    10.05   0.000     1.033064    1.570205
--------------------------------------------------------------------------------

. gen x_VacplusTrust_M= _b[x_vac01_09xSTD]*x_vac01_09xSTD + _b[x_trustgovSTD]*x_trustgovSTD

. regress leloss21_m ib2.x_group x_VacplusTrust_M, robust

Linear regression                               Number of obs     =         26
                                                F(2, 23)          =      56.03
                                                Prob > F          =     0.0000
                                                R-squared         =     0.8334
                                                Root MSE          =     .48749

----------------------------------------------------------------------------------
                 |               Robust
      leloss21_m | Coefficient  std. err.      t    P>|t|     [95% conf. interval]
-----------------+----------------------------------------------------------------
         x_group |
             EE  |   1.067955   .2899597     3.68   0.001      .468128    1.667783
x_VacplusTrust_M |          1    .211709     4.72   0.000     .5620465    1.437954
           _cons |   1.301634   .1202725    10.82   0.000     1.052832    1.550437
----------------------------------------------------------------------------------

. 
. gsort -x_VacplusTrust_M

. display("======= Male Vaccination+Trust scores")
======= Male Vaccination+Trust scores

. list country x_VacplusTrust_M, notrim

              country   x_Vacpl~M  
  1.         Bulgaria    1.239796  
  2.           Russia    .9998568  
  3.           Latvia    .6972852  
  4.          Croatia    .6843444  
  5.           Poland    .6405425  
  6.         Slovenia    .4648965  
  7.         Slovakia    .4534571  
  8.           Greece    .2782893  
  9.          Estonia    .1982666  
 10.          Czechia    .1959899  
 11.          Hungary    .1361093  
 12.        Lithuania    .0139699  
 13.   United Kingdom   -.0849567  
 14.            Italy   -.1382795  
 15.           France   -.1409915  
 16.           Sweden   -.1961837  
 17.            Spain   -.2949511  
 18.         Portugal   -.3508265  
 19.          Belgium   -.4094478  
 20.          Finland   -.4106767  
 21.          Austria   -.4350721  
 22.      Netherlands   -.5993953  
 23.          Germany   -.6296987  
 24.      Switzerland   -.6504415  
 25.           Norway   -.8017319  
 26.          Denmark   -.8601506  

. 
. * ---- Female Score
. 
. regress leloss21_f ib2.x_group x_vac01_09xSTD x_trustgovSTD , robust

Linear regression                               Number of obs     =         26
                                                F(3, 22)          =      23.07
                                                Prob > F          =     0.0000
                                                R-squared         =     0.7827
                                                Root MSE          =     .58402

--------------------------------------------------------------------------------
               |               Robust
    leloss21_f | Coefficient  std. err.      t    P>|t|     [95% conf. interval]
---------------+----------------------------------------------------------------
       x_group |
           EE  |   .8236567   .3768782     2.19   0.040     .0420591    1.605254
x_vac01_09xSTD |  -.5344555   .2009824    -2.66   0.014    -.9512675   -.1176435
 x_trustgovSTD |  -.2598269   .0836234    -3.11   0.005    -.4332511   -.0864027
         _cons |   1.068838   .1746333     6.12   0.000     .7066702    1.431005
--------------------------------------------------------------------------------

. gen x_VacplusTrust_F= _b[x_vac01_09xSTD]*x_vac01_09xSTD + _b[x_trustgovSTD]*x_trustgovSTD

. regress leloss21_f ib2.x_group x_VacplusTrust_F, robust

Linear regression                               Number of obs     =         26
                                                F(2, 23)          =      30.32
                                                Prob > F          =     0.0000
                                                R-squared         =     0.7827
                                                Root MSE          =     .57118

----------------------------------------------------------------------------------
                 |               Robust
      leloss21_f | Coefficient  std. err.      t    P>|t|     [95% conf. interval]
-----------------+----------------------------------------------------------------
         x_group |
             EE  |   .8236567   .3731703     2.21   0.038      .051695    1.595618
x_VacplusTrust_F |          1    .314844     3.18   0.004     .3486955    1.651304
           _cons |   1.068838   .1742204     6.13   0.000     .7084351     1.42924
----------------------------------------------------------------------------------

. 
. gsort -x_VacplusTrust_F

. display("======= Female Vaccination+Trust scores")
======= Female Vaccination+Trust scores

. list country x_VacplusTrust_F, notrim

              country   x_Vacpl~F  
  1.         Bulgaria    1.616291  
  2.           Russia    1.342099  
  3.          Croatia    .8178215  
  4.           Latvia    .8081442  
  5.           Poland    .6528041  
  6.         Slovakia    .6156032  
  7.         Slovenia    .5678082  
  8.          Estonia    .2698879  
  9.           Greece    .2045518  
 10.          Czechia    .1444506  
 11.          Hungary    .0898206  
 12.        Lithuania   -.0121676  
 13.           Sweden   -.2066076  
 14.           France   -.2259065  
 15.   United Kingdom   -.2463589  
 16.            Italy   -.2697913  
 17.          Finland   -.3308322  
 18.          Austria   -.4541172  
 19.      Switzerland   -.5329518  
 20.            Spain   -.5494843  
 21.      Netherlands   -.6349567  
 22.          Germany   -.6376708  
 23.         Portugal    -.637717  
 24.          Belgium   -.6378288  
 25.           Norway   -.7436809  
 26.          Denmark   -1.009211  

. 
end of do-file

. log close
      name:  <unnamed>
       log:  C:\_Cloud\Corona-2019-20\Database\STMF-analysis\Age-excess-LE-study\Paper-East-West\BMJ-GH\GitHub\GitHub-data and scri
> pts\Regression analysis of factors in Stata\Analysis-LEloss-Factors-09-04-2024.log
  log type:  text
 closed on:   9 Apr 2024, 16:59:30
-----------------------------------------------------------------------------------------------------------------------------------
